// Jest Snapshot v1, https://goo.gl/fbAQLP

exports[`Home should render correctly 1`] = `
<DocumentFragment>
  <div
    id="home"
  >
    <h2>
      Welcome to our page!
    </h2>
    <p>
      Lorem ipsum dolor sit amet consectetur adipisicing elit. Quisquam voluptatum, voluptate, quibusdam, quia voluptas quod quos dolorum voluptatem quas quidem quae. Quisquam voluptatum, voluptate, quibusdam, quia voluptas quod quos dolorum voluptatem quas quidem quae.
    </p>
    <p>
      Lorem ipsum dolor sit amet consectetur adipisicing elit. Quisquam voluptatum, voluptate, quibusdam, quia voluptas quod quos dolorum voluptatem quas quidem quae. Quisquam voluptatum, voluptate, quibusdam, quia voluptas quod quos dolorum voluptatem quas quidem quae.
    </p>
  </div>
</DocumentFragment>
`;
